64 64
^ ^ ^ ^ ^ ^ ^ ^ ^ ^ ^ ^ ^ ^ ^ ^ ^ ^ ^ ^ ^ ^ ^ ^ ^ ^ ^ ^ ^ ^ ^ ^ ^ ^ ^ ^ ^ ^ ^ ^ ^ ^ ^ ^ ^ ^ ^ ^ ^ ^ ^ ^ ^ ^ ^ ^ ^ ^ ^ ^ ^ ^ ^ ^ 
^ ^ ^ ^ ^ ^ ^ ^ ^ ^ ^ ^ ^ ^ ^ ^ ^ . . . . . . ^ ^ ^ ^ ^ ^ ^ ^ ^ ^ ^ ^ ^ ^ ^ ^ ^ ^ . . . . . . . ^ ^ ^ ^ ^ ^ ^ ^ ^ ^ ^ ^ ^ ^ ^ ^ 
^ ^ ^ ^ ^ ^ ^ ^ ^ ^ ^ ^ . . . . . . . . . . . . . . . . . . . . . . . . . . . . . . . . . . . . . . . . ^ ^ ^ ^ ^ ^ ^ ^ ^ ^ ^ ^ 
^ ^ ^ ^ ^ ^ ^ ^ ^ . . . . . . . . . . . . . . . . . . . . . . . . . . . . . . . . . . . . . . . . . . . . ^ ^ ^ ^ ^ ^ ^ ^ ^ ^ ^ 
^ ^ ^ ^ ^ ^ ^ . . . . . . . . . . . . . . . . . . . . . . . . . . . . . . . . . . . . . . . . . . . . . . . . ^ ^ ^ ^ ^ ^ ^ ^ ^ 
^ ^ ^ ^ ^ ^ . . . . . . . . . . . . . . . . . . . . . . . . . . . . . . . . . . . . . . . . . . . . . . . . . . ^ ^ ^ ^ ^ ^ ^ ^ 
^ ^ ^ ^ ^ ^ . . . . . . . . . . . . . . . . . . . . . . . . . . . . . . . . . . . . . . . . . . . . . . . . . . . ^ ^ ^ ^ ^ ^ ^ 
^ ^ ^ ^ ^ . . . . . . . . . . . . . . . . . . . . . . . . . . . . . . . . . . . . . . . . . . . . . . . . . . . . . ^ ^ ^ ^ ^ ^ 
^ ^ ^ ^ ^ . . . . . . . . . . . . . . . . . . . . . . . . . . . . . . . . . . . . . . . . . . . . . . . . . . . . . . ^ ^ ^ ^ ^ 
^ ^ ^ ^ ^ . . . . . . . . . . . . . . . . . . . . . . . . . . . . . . . . . . . . . . . . . . . . . . . . . . . . . . ^ ^ ^ ^ ^ 
^ ^ ^ ^ ^ . . . b . . . . . . . . . . . . . . . . . . . . . ^ ^ ^ ^ ^ . . . . . . . . . . . . . . . . . . . . . . . . . ^ ^ ^ ^ 
^ ^ ^ ^ . . . . . . . . . . . . . . . . . . . . . . . . . ^ ^ ^ ^ ^ ^ ^ . . . . . . . . . . . . . . . . . . . . . . . . . ^ ^ ^ 
^ ^ ^ . . . . . . . . . . . . . . . . . . . . . . . . . ^ ^ ^ ^ ^ ^ ^ ^ ^ . . . . . . . . . . . . . . . . . . . . . . . . . . ^ 
^ ^ ^ . . . . . . . . . . . . . . . . . . . . . . . . . ^ ^ ^ ^ ^ ^ ^ ^ ^ . . . . . . . . . . . . . 2 . . . . . . . . . . . . ^ 
^ ^ ^ . . . . . . . . . . . . . . . . . . . . . . . . ^ ^ ^ ^ ^ ^ ^ ^ ^ ^ . . . . . . . . . . . . . . . . . . . . . . . . . . ^ 
^ ^ ^ . . . . . . . . . . . . . . . . . . . . . . . . ^ ^ ^ ^ ^ ^ ^ ^ ^ ^ . . . . . . . . . . . . . . . . . . . . . . . . . . ^ 
^ ^ . . . . . . . . . . . . . . . . . . . . . . . . . ^ ^ ^ ^ ^ ^ ^ ^ ^ ^ . . . . . . . . . . . . . . . . . . . . . . . . . . ^ 
^ ^ . . . . . . . . . . . . . . . . . . . . . . . . . ^ ^ ^ ^ ^ ^ ^ ^ ^ ^ . . . . . . . . . . . . . . . . . . . . . . . . . . ^ 
^ ^ . . . . . . . . . . . . . . . . . . . . * . . . . ^ ^ ^ ^ ^ ^ ^ ^ ^ . . . . . . . . . . . . . . . . . . . . . . . . . . . ^ 
^ ^ . . . . . . . . . . . . . . . . . . . . * . . . ^ ^ ^ ^ ^ ^ ^ ^ ^ ^ . . . . . . . . ^ ^ ^ . . . . . . . . . . . . . . . . ^ 
^ ^ . . . . . . . . . . . . . . . . . . . . * . . . ^ ^ ^ ^ ^ ^ ^ ^ ^ ^ . . . * . . . . ^ . ^ . . . . . . . . . . . . . . . . ^ 
^ ^ . . . . . . . . . . . . . . . . . . . * * . . . ^ ^ ^ ^ ^ ^ ^ ^ ^ ^ . . . * . . . . ^ ^ ^ . . . . . . . . . . . . . . . . ^ 
^ ^ . . . . . . . . . . . . . . . . . * * * . . . . ^ ^ ^ ^ ^ ^ ^ ^ ^ ^ . . . . * . . . . . . . . . . . . . . . . . . . . . . ^ 
^ ^ . . . . . . . . . . . . . . . . . . . . . . . . ^ ^ ^ ^ ^ ^ ^ ^ ^ ^ . . . . * * . . . . . . . . . . . . . . . . . . . . . ^ 
^ ^ . . . . . . . . . . . . . . . . . . . . . ^ ^ ^ ^ ^ ^ ^ ^ ^ ^ ^ ^ ^ . . . . . * * . . . . . . . . . . . . . . . . . . . . ^ 
^ ^ ^ . . . . . . . . . . . . . . . . . . . ^ ^ ^ ^ ^ ^ ^ ^ ^ ^ ^ ^ ^ ^ ^ . . . . . . * . . . . . . . . . . . . . . . . . . . ^ 
^ ^ ^ . . . . . . . . . . . . . . ^ ^ ^ ^ ^ ^ ^ ^ ^ ^ ^ ^ ^ ^ ^ ^ ^ ^ ^ ^ ^ . . . . . . . . . . . . . . . . . . . . . . . . ^ ^ 
^ ^ ^ . . . . . . . . . . . . ^ ^ ^ ^ ^ ^ ^ ^ ^ ^ ^ ^ ^ ^ ^ ^ ^ ^ ^ ^ ^ ^ ^ ^ . . . . ^ ^ ^ ^ ^ ^ ^ . . . . . . . . . . . . ^ ^ 
^ ^ ^ . . . . . . . . . . . ^ ^ ^ ^ ^ ^ ^ ^ ^ ^ ^ ^ ^ ^ ^ ^ ^ ^ ^ ^ ^ ^ ^ ^ ^ ^ ^ ^ ^ ^ ^ ^ ^ ^ ^ ^ ^ . . . . . . . . . . . ^ ^ 
^ ^ ^ ^ . . . . . . . . . ^ ^ ^ ^ ^ ^ ^ ^ ^ ^ ^ ^ ^ ^ ^ ^ ^ ^ ^ ^ ^ ^ ^ ^ ^ ^ ^ ^ ^ ^ ^ ^ ^ ^ ^ ^ ^ ^ ^ . . . . . . . . . . ^ ^ 
^ ^ ^ ^ . . . . . . . . ^ ^ ^ ^ ^ ^ ^ ^ ^ ^ ^ ^ ^ ^ ^ ^ ^ ^ ^ ^ ^ ^ ^ ^ ^ ^ ^ ^ ^ ^ ^ ^ ^ ^ ^ ^ ^ ^ ^ ^ . . . . . . . . . . ^ ^ 
^ ^ ^ ^ . . . . . . . . ^ ^ ^ ^ ^ ^ ^ ^ ^ ^ ^ ^ ^ ^ ^ ^ ^ ^ ^ ^ ^ ^ ^ ^ ^ ^ ^ ^ ^ ^ ^ ^ ^ ^ ^ ^ ^ ^ ^ ^ . . . . . . . . . . ^ ^ 
^ ^ ^ ^ . . . . . . . . ^ ^ ^ ^ ^ ^ ^ ^ ^ ^ ^ ^ ^ ^ ^ ^ ^ ^ ^ ^ ^ ^ ^ ^ ^ ^ ^ ^ ^ ^ ^ ^ ^ ^ ^ ^ ^ ^ ^ ^ . . . . . . . . . . ^ ^ 
^ ^ ^ ^ . . . . . . . . ^ ^ ^ ^ ^ ^ ^ ^ ^ ^ ^ ^ ^ ^ ^ ^ ^ ^ ^ ^ ^ ^ ^ ^ ^ ^ ^ ^ ^ ^ ^ ^ ^ ^ ^ ^ ^ ^ ^ ^ . . . . . . . . . . . ^ 
^ ^ ^ ^ . . . . . . . . ^ ^ ^ ^ ^ ^ ^ ^ ^ ^ ^ ^ ^ ^ ^ ^ ^ ^ ^ ^ ^ ^ ^ ^ ^ ^ ^ ^ ^ ^ ^ ^ ^ ^ ^ ^ ^ ^ ^ . . . . . . . . . . . . ^ 
^ ^ ^ ^ . . . . . . . . . ^ ^ ^ ^ ^ ^ ^ ^ ^ ^ ^ ^ ^ ^ ^ ^ ^ ^ ^ ^ ^ ^ ^ ^ ^ ^ ^ ^ ^ ^ ^ ^ ^ ^ ^ ^ ^ . . . . . . . . . . . . . ^ 
^ ^ ^ ^ . . . . . . . . . . ^ ^ ^ ^ ^ ^ ^ ^ ^ ^ ^ ^ ^ ^ ^ ^ ^ ^ ^ ^ ^ ^ ^ ^ ^ ^ ^ ^ ^ ^ ^ ^ . . . . . . . . . . . . . . . . . ^ 
^ ^ ^ ^ . . . . . . . . . . . . . . . . . . . ^ ^ ^ ^ ^ ^ ^ ^ ^ ^ ^ ^ ^ ^ ^ ^ ^ ^ ^ ^ . . . . . . . . . . . . . . . . . . . . ^ 
^ ^ ^ ^ . . . . . . . . . . . . . . . . . . . . . ^ ^ ^ ^ ^ ^ ^ ^ ^ ^ ^ ^ ^ ^ ^ ^ ^ . . . . . . . . . . . . . . . . . . . . ^ ^ 
^ ^ ^ ^ . . . . . . . . . . . . . . . * * . . . . . . . ^ ^ ^ ^ ^ ^ ^ ^ ^ ^ ^ ^ ^ . . . * . . . . . . . . . . . . . . . . . ^ ^ 
^ ^ ^ ^ . . . . . . . . . . . . . . * . . * . . . . . . . ^ ^ ^ ^ ^ ^ ^ ^ ^ . . . . . * . . . . . . . . . . . . . . . . . ^ ^ ^ 
^ ^ ^ ^ . . . . . . . . . . . . . . . . . . . * * . . . . ^ ^ ^ ^ ^ ^ ^ ^ ^ . . . * * . . . . . . . . . . . . . . . . . . . ^ ^ 
^ ^ ^ . . . . . . . . . . . . . . . . . . . . . * . . . ^ ^ ^ ^ ^ ^ ^ ^ ^ ^ . . * * . . . . . . . . . . . . . . . . . . . . ^ ^ 
^ ^ ^ . . . . . . . . . . . . . . . . . . . . . * . . ^ ^ ^ ^ ^ ^ ^ ^ ^ ^ ^ . . . . . . . . . . . . . . . . . . . . . . . . ^ ^ 
^ ^ ^ . . . . . . . . . . . . . . . . . . . . . . . . ^ ^ ^ ^ ^ ^ ^ ^ ^ ^ ^ . * * . . . . . . . . . . . . . . . . . . . . . ^ ^ 
^ ^ ^ . . . . . . . . . . . . . . . . . . . . . . . . ^ ^ ^ ^ ^ ^ ^ ^ ^ ^ . . . . . . . . . . . . . . . . . . . . . . . . . ^ ^ 
^ ^ ^ . . . . . . . . . . . . . . . . . . . . . . . . ^ ^ ^ ^ ^ ^ ^ ^ ^ ^ . . . . . . . . . . . . . . . . . . . . . . . . . ^ ^ 
^ ^ ^ . . . . . . . . . . . . . . . . . . . . . . . . ^ ^ ^ ^ ^ ^ ^ ^ ^ . . . . . . . . . . . . . . . . . . . . . . . . . . ^ ^ 
^ ^ ^ . . . . . . . . . . . . . . . . . . . . . . . . . ^ ^ ^ ^ ^ ^ ^ . . . . . . . . . . . . . . . . . . . . . . . . . . . ^ ^ 
^ ^ ^ . . . . . . . . . . . . . . . . . . . . . . . . . . ^ ^ ^ ^ ^ . . . . . . . . . . . . . . . . . . . . . . . . . . . . ^ ^ 
^ ^ ^ ^ . . . . . . . . . . . . . . . . . . . . . . . . . . . . . . . . . . . . . . . . . . . . . . . . . . . . . . . . . ^ ^ ^ 
^ ^ ^ ^ . . . . . . . . . . . . . . . . . . . . . . . . . . . . . . . . . . . . . . . . . . . . . . . . . . . . . . . . . ^ ^ ^ 
^ ^ ^ ^ . . . . . . . . . . . . . . . . . . . . . . . . . . . . . . . . . . . . . . . . . . . . . . . . . . . . . . . . . ^ ^ ^ 
^ ^ ^ ^ . . . . . . . . . . . . . . . . . . . . . . . . . . . . . . . . . . . . . . . . . . . . . . . . . . . . . . . . ^ ^ ^ ^ 
^ ^ ^ ^ . . . . . . . . 1 1 1 . 1 . . . . . . . . . . . . . . . . . . . . . . . . . . . . . . . . . . . . . . . . . . . ^ ^ ^ ^ 
^ ^ ^ ^ . . . . . . . . 1 . 1 . . . . . . . . . . . . . ^ ^ ^ ^ ^ . . . . . . . . . . . . . . . . . . . . . . . . . . ^ ^ ^ ^ ^ 
^ ^ ^ ^ ^ . . . . . . . 1 1 1 . . . . . . . . . . . ^ ^ ^ ^ ^ ^ ^ ^ . . . . . . . . . . . . . . . . . . . . . . . . ^ ^ ^ ^ ^ ^ 
^ ^ ^ ^ ^ ^ . . . . . . . . . . . . . . . . . . . ^ ^ ^ ^ ^ ^ ^ ^ ^ ^ ^ . . . . . . . . . . . . . . . . . . . . . . ^ ^ ^ ^ ^ ^ 
^ ^ ^ ^ ^ ^ ^ . . . . . . . . . . . . . . . . ^ ^ ^ ^ ^ ^ ^ ^ ^ ^ ^ ^ ^ ^ . . . . . . . . . . . . . . . . . . . . ^ ^ ^ ^ ^ ^ ^ 
^ ^ ^ ^ ^ ^ ^ ^ ^ . . . . . . . . . . . . . ^ ^ ^ ^ ^ ^ ^ ^ ^ ^ ^ ^ ^ ^ ^ ^ ^ ^ ^ . . . . . . . . . . . . . . . ^ ^ ^ ^ ^ ^ ^ ^ 
^ ^ ^ ^ ^ ^ ^ ^ ^ ^ ^ . . . . . . . . ^ ^ ^ ^ ^ ^ ^ ^ ^ ^ ^ ^ ^ ^ ^ ^ ^ ^ ^ ^ ^ ^ ^ ^ ^ . . . . . . . . . . ^ ^ ^ ^ ^ ^ ^ ^ ^ ^ 
^ ^ ^ ^ ^ ^ ^ ^ ^ ^ ^ ^ ^ ^ ^ ^ ^ ^ ^ ^ ^ ^ ^ ^ ^ ^ ^ ^ ^ ^ ^ ^ ^ ^ ^ ^ ^ ^ ^ ^ ^ ^ ^ ^ ^ ^ ^ ^ ^ ^ ^ ^ ^ ^ ^ ^ ^ ^ ^ ^ ^ ^ ^ ^ 
^ ^ ^ ^ ^ ^ ^ ^ ^ ^ ^ ^ ^ ^ ^ ^ ^ ^ ^ ^ ^ ^ ^ ^ ^ ^ ^ ^ ^ ^ ^ ^ ^ ^ ^ ^ ^ ^ ^ ^ ^ ^ ^ ^ ^ ^ ^ ^ ^ ^ ^ ^ ^ ^ ^ ^ ^ ^ ^ ^ ^ ^ ^ ^ 
^ ^ ^ ^ ^ ^ ^ ^ ^ ^ ^ ^ ^ ^ ^ ^ ^ ^ ^ ^ ^ ^ ^ ^ ^ ^ ^ ^ ^ ^ ^ ^ ^ ^ ^ ^ ^ ^ ^ ^ ^ ^ ^ ^ ^ ^ ^ ^ ^ ^ ^ ^ ^ ^ ^ ^ ^ ^ ^ ^ ^ ^ ^ ^ 
