64 64
^ ^ ^ ^ ^ ^ ^ ^ ^ ^ ^ ^ ^ ^ ^ ^ ^ ^ ^ ^ ^ ^ ^ ^ ^ ^ ^ ^ ^ ^ ^ ^ ^ ^ ^ ^ ^ ^ ^ ^ ^ ^ ^ ^ ^ ^ ^ ^ ^ ^ ^ ^ ^ ^ ^ ^ ^ ^ ^ ^ ^ ^ ^ ^ 
^ ^ ^ ^ ^ ^ ^ ^ ^ ^ ^ ^ ^ ^ ^ ^ ^ . . . . . . ^ ^ ^ ^ ^ ^ ^ ^ ^ ^ ^ ^ ^ ^ ^ ^ ^ ^ . . . . . . . ^ ^ ^ ^ ^ ^ ^ ^ ^ ^ ^ ^ ^ ^ ^ ^ 
^ ^ ^ ^ ^ ^ ^ ^ ^ ^ ^ ^ . . . . . . . . . . . . . . . . . . w . . . . . . . . . . . . . . . . . . . . . ^ ^ ^ ^ ^ ^ ^ ^ ^ ^ ^ ^ 
^ ^ ^ ^ ^ ^ ^ ^ ^ . . . . . . . . . . . . . . . . . . . . . w . . . . . . . . . . . . . . . . . . . . . . ^ ^ ^ ^ ^ ^ ^ ^ ^ ^ ^ 
^ ^ ^ ^ ^ ^ ^ . . . . . . . . . . . . . . . . . . . . . . . w . . . . . . . . . . . . . . . . . . . . . . . . ^ ^ ^ ^ ^ ^ ^ ^ ^ 
^ ^ ^ ^ ^ ^ . . . . . . . . . . . . b . . . . . . . . . . . . . . . . . . . . . . . . . . . . . . . . . . . . . ^ ^ ^ ^ ^ ^ ^ ^ 
^ ^ ^ ^ ^ ^ . . . . . . . . . . . . . . . . . . . . . . . . . . . . . . . . . . . . . . . . . . . . . . . . . . . ^ ^ ^ ^ ^ ^ ^ 
^ ^ ^ ^ ^ . . . . . . . . . . . . . . . . . . . . . . . . . w . . . . . . . . . . . . . . . . . . . . . . . . . . . ^ ^ ^ ^ ^ ^ 
^ ^ ^ ^ ^ . . . . . k . . . . . . . . . . . . . . . . . . . w . . . . . . . . . . . . . . . . . . . . . . . . . . . . ^ ^ ^ ^ ^ 
^ ^ ^ ^ ^ . . . . . . . . . . . . . . . . . . . . . . . . . w . . . . . . . . . . . . . . . . . . . . . . . . . . . . ^ ^ ^ ^ ^ 
^ ^ ^ ^ ^ . . . . . . . . . . . . . . . . . f . f . . . . . ^ ^ ^ ^ ^ . . . . . . . . . . . . . . . . . . . . . . . . . ^ ^ ^ ^ 
^ ^ ^ ^ . . . . . . . . . . . . . . . . . . . . . . . . . ^ ^ ^ ^ ^ ^ ^ . . . . . . . . . . . . . . . . . . . . . . . . . ^ ^ ^ 
^ ^ ^ . . . . . . . . . . . . . . . . f . . . . . . . . ^ ^ ^ ^ ^ ^ ^ ^ ^ . . . . . . . . . . . . . . . . . . . . . . . . . . ^ 
^ ^ ^ . . . . . . . . . . . . . . . . . . . . . . . . . ^ ^ ^ ^ ^ ^ ^ ^ ^ . . . . . . . . . . . . . 2 . . . . . . . . . . . . ^ 
^ ^ ^ . f . . f . f . . . . . . . . . . . . . . . . . ^ ^ ^ ^ ^ ^ ^ ^ ^ ^ . . . . . . . . . . . . . . . . . . . . . . . . . . ^ 
^ ^ ^ . . . . . . . . . . . . . . . . . . . . . . . . ^ ^ ^ ^ ^ ^ ^ ^ ^ ^ . . . . . . . . . . . . . . . . . . . . . . . . . . ^ 
^ ^ . . . . . . . . . . . . . . . . . . . . . . . . . ^ ^ ^ ^ ^ ^ ^ ^ ^ ^ . . . . . . . . . . . . . . . . . . . . . . . . . . ^ 
^ ^ . . . l . . . . . . . . . . . . . . . . . . . . . ^ ^ ^ ^ ^ ^ ^ ^ ^ ^ . . . . . . . . . . . . . . . . . . . . . . . . . . ^ 
^ ^ . . . . . . . . . . . . . . . . . . . . * . . . . ^ ^ ^ ^ ^ ^ ^ ^ ^ . . . . . . . . . . . . . . . . . . . . . . . . . . . ^ 
^ ^ . . . . . . . . . . . . . . . . . . . . * . . . ^ ^ ^ ^ ^ ^ ^ ^ ^ ^ . . . . . . . . ^ ^ ^ . . . . . . . . . . . . . . . . ^ 
^ ^ . . . . . . . . . . . . . . . . . . . . * . . . ^ ^ ^ ^ ^ ^ ^ ^ ^ ^ . . . * . . . . ^ . ^ . . . . . . . . . . . . . . . . ^ 
^ ^ . . . . . . . . . . . . . . . . . . . * * . . . ^ ^ ^ ^ ^ ^ ^ ^ ^ ^ . . . * . . . . ^ ^ ^ . . . . . . . . . . . . . . . . ^ 
^ ^ . . . s . . . . . . . . . . . . . * * * . . . . ^ ^ ^ ^ ^ ^ ^ ^ ^ ^ . . . . * . . . . . . . . . . . . . . . . . . . . . . ^ 
^ ^ . . . . . . . . . . . . . . . . . . . . . . . . ^ ^ ^ ^ ^ ^ ^ ^ ^ ^ . . . . * * . . . . . . . . . . . . . . . . . . . . . ^ 
^ ^ . . . . . . . . . . . . . . . . . . . . . ^ ^ ^ ^ ^ ^ ^ ^ ^ ^ ^ ^ ^ . . . . . * * . . . . . . . . . . . . . . . . . . . . ^ 
^ ^ ^ . . . . . . . . . . . . . . . . . . . ^ ^ ^ ^ ^ ^ ^ ^ ^ ^ ^ ^ ^ ^ ^ . . . . . . * . . . . . . . . . . . . . . . . . . . ^ 
^ ^ ^ . . . . . . . . . . . . . . ^ ^ ^ ^ ^ ^ ^ ^ ^ ^ ^ ^ ^ ^ ^ ^ ^ ^ ^ ^ ^ . . . . . . . . . . . . . . . . . . . . . . . . ^ ^ 
^ ^ ^ . . . . . . . . . . . . ^ ^ ^ ^ ^ ^ ^ ^ ^ ^ ^ ^ ^ ^ ^ ^ ^ ^ ^ ^ ^ ^ ^ ^ . . . . ^ ^ ^ ^ ^ ^ ^ . . . . . . . . . . . . ^ ^ 
^ ^ ^ . . . . . . . . . . . ^ ^ ^ ^ ^ ^ ^ ^ ^ ^ ^ ^ ^ ^ ^ ^ ^ ^ ^ ^ ^ ^ ^ ^ ^ ^ ^ ^ ^ ^ ^ ^ ^ ^ ^ ^ ^ . . . . . . . . . . . ^ ^ 
^ ^ ^ ^ . . . . . . . . . ^ ^ ^ ^ ^ ^ ^ ^ ^ ^ ^ ^ ^ ^ ^ ^ ^ ^ ^ ^ ^ ^ ^ ^ ^ ^ ^ ^ ^ ^ ^ ^ ^ ^ ^ ^ ^ ^ ^ . . . . . . . . . . ^ ^ 
^ ^ ^ ^ . . . . . . . . ^ ^ ^ ^ ^ ^ ^ ^ ^ ^ ^ ^ ^ ^ ^ ^ ^ ^ ^ ^ ^ ^ ^ ^ ^ ^ ^ ^ ^ ^ ^ ^ ^ ^ ^ ^ ^ ^ ^ ^ . . . . . . . . . . ^ ^ 
^ ^ ^ ^ w w w w w w w w ^ ^ ^ ^ ^ ^ ^ ^ ^ ^ ^ ^ ^ ^ ^ ^ ^ ^ ^ ^ ^ ^ ^ ^ ^ ^ ^ ^ ^ ^ ^ ^ ^ ^ ^ ^ ^ ^ ^ ^ . . . . . . . . . . ^ ^ 
^ ^ ^ ^ . . . . . . . . ^ ^ ^ ^ ^ ^ ^ ^ ^ ^ ^ ^ ^ ^ ^ ^ ^ ^ ^ ^ ^ ^ ^ ^ ^ ^ ^ ^ ^ ^ ^ ^ ^ ^ ^ ^ ^ ^ ^ ^ . . . . . . . . . . ^ ^ 
^ ^ ^ ^ . . . . . . . . ^ ^ ^ ^ ^ ^ ^ ^ ^ ^ ^ ^ ^ ^ ^ ^ ^ ^ ^ ^ ^ ^ ^ ^ ^ ^ ^ ^ ^ ^ ^ ^ ^ ^ ^ ^ ^ ^ ^ ^ . . . . . . . . . . . ^ 
^ ^ ^ ^ . . . . . . . . ^ ^ ^ ^ ^ ^ ^ ^ ^ ^ ^ ^ ^ ^ ^ ^ ^ ^ ^ ^ ^ ^ ^ ^ ^ ^ ^ ^ ^ ^ ^ ^ ^ ^ ^ ^ ^ ^ ^ . . . . . . . . . . . . ^ 
^ ^ ^ ^ . . . . . . . . . ^ ^ ^ ^ ^ ^ ^ ^ ^ ^ ^ ^ ^ ^ ^ ^ ^ ^ ^ ^ ^ ^ ^ ^ ^ ^ ^ ^ ^ ^ ^ ^ ^ ^ ^ ^ ^ . . . . . . . . . . . . . ^ 
^ ^ ^ ^ . . . . . . . . . . ^ ^ ^ ^ ^ ^ ^ ^ ^ ^ ^ ^ ^ ^ ^ ^ ^ ^ ^ ^ ^ ^ ^ ^ ^ ^ ^ ^ ^ ^ ^ ^ . . . . . . . . . . . . . . . . . ^ 
^ ^ ^ ^ . . . . . . . . . . . . . . . . . . . ^ ^ ^ ^ ^ ^ ^ ^ ^ ^ ^ ^ ^ ^ ^ ^ ^ ^ ^ ^ . . . . . . . . . . . . . . . . . . . . ^ 
^ ^ ^ ^ . . . . . . . . . . . . . . . . . . . . . ^ ^ ^ ^ ^ ^ ^ ^ ^ ^ ^ ^ ^ ^ ^ ^ ^ . . . . . . . . . . . . . . . . . . . . ^ ^ 
^ ^ ^ ^ . . . . . . . . . . . . . . . * * . . . . . . . ^ ^ ^ ^ ^ ^ ^ ^ ^ ^ ^ ^ ^ . . . * . . . . . . . . . . . . . . . . . ^ ^ 
^ ^ ^ ^ . . . . . . . . . . . . . . * . . * . . . . . . . ^ ^ ^ ^ ^ ^ ^ ^ ^ . . . . . * . . . . . . . . . . . . . . . . . ^ ^ ^ 
^ ^ ^ ^ . . . . . . . . . . . . . . . . . . . * * . . . . ^ ^ ^ ^ ^ ^ ^ ^ ^ . . . * * . . . . . . . . . . . . . . . . . . . ^ ^ 
^ ^ ^ . . . . . . . . . . . . . . . . . . . . . * . . . ^ ^ ^ ^ ^ ^ ^ ^ ^ ^ . . * * . . . . . . . . . . . . . . . . . . . . ^ ^ 
^ ^ ^ . . . . . . . . . . . . . . . . . . . . . * . . ^ ^ ^ ^ ^ ^ ^ ^ ^ ^ ^ . . . . . . . . . . . . . . . . . . . . . . . . ^ ^ 
^ ^ ^ . . . . . . . . . . . . . . . . . . . . . . . . ^ ^ ^ ^ ^ ^ ^ ^ ^ ^ ^ . * * . . . . . . . . . . . . . . . . . . . . . ^ ^ 
^ ^ ^ . . . . . . . . . . . . . . . . . . . . . . . . ^ ^ ^ ^ ^ ^ ^ ^ ^ ^ . . . . . . . . . . . . . . . . . . . . . . . . . ^ ^ 
^ ^ ^ . . . . . . . . . . . . . . . . . . . . . . . . ^ ^ ^ ^ ^ ^ ^ ^ ^ ^ . . . . . . . . . . . . . . . . . . . . . . . . . ^ ^ 
^ ^ ^ . . . . . . . . . . . . . . . . . . . . . . . . ^ ^ ^ ^ ^ ^ ^ ^ ^ . . . . . . . . . . . . . . . . . . . . . . . . . . ^ ^ 
^ ^ ^ . . . . . . . . . . . . . . . . . . . . . . . . . ^ ^ ^ ^ ^ ^ ^ . . . . . . . . . . . . . . . . . . . . . . . . . . . ^ ^ 
^ ^ ^ . . . . . . . . . . . . . . . . . . . . . . . . . . ^ ^ ^ ^ ^ . . . . . . . . . . . . . . . . . . . . . . . . . . . . ^ ^ 
^ ^ ^ ^ . . . . . . . . . . . . . . . . . . . . . . . . . . . . . . . . . . . . . . . . . . . . . . . . . . . . . . . . . ^ ^ ^ 
^ ^ ^ ^ . . . . . . . . . . . . . . . . . . . . . . . . . . . . . . . . . . . . . . . . . . . . . . . . . . . . . . . . . ^ ^ ^ 
^ ^ ^ ^ . . . . . . . . . . . . . . . . . . . . . . . . . . . . . . . . . . . . . . . . . . . . . . . . . . . . . . . . . ^ ^ ^ 
^ ^ ^ ^ . . . . . . . . . . . . . . . . . . . . . . . . . . . . . . . . . . . . . . . . . . . . . . . . . . . . . . . . ^ ^ ^ ^ 
^ ^ ^ ^ . . . . . . . . 1 3 4 . 1 . . . . . . . . . . . . . . . . . . . . . . . . . . . . . . . . . . . . . . . . . . . ^ ^ ^ ^ 
^ ^ ^ ^ . . . . . . . . 1 . 5 . . . . . . . . . . . . . ^ ^ ^ ^ ^ . . . . . . . . . . . . . . . . . . . . . . . . . . ^ ^ ^ ^ ^ 
^ ^ ^ ^ ^ . . . . . . . 1 7 6 . . . . . . . . . . . ^ ^ ^ ^ ^ ^ ^ ^ . . . . . . . . . . . . . . . . . . . . . . . . ^ ^ ^ ^ ^ ^ 
^ ^ ^ ^ ^ ^ . . . . . . . . . . . . . . . . . . . ^ ^ ^ ^ ^ ^ ^ ^ ^ ^ ^ . . . . . . . . . . . . . . . . . . . . . . ^ ^ ^ ^ ^ ^ 
^ ^ ^ ^ ^ ^ ^ . . . . . . . . . . . . . . . . ^ ^ ^ ^ ^ ^ ^ ^ ^ ^ ^ ^ ^ ^ . . . . . . . . . . . . . . . . . . . . ^ ^ ^ ^ ^ ^ ^ 
^ ^ ^ ^ ^ ^ ^ ^ ^ . . . . . . . . . . . . . ^ ^ ^ ^ ^ ^ ^ ^ ^ ^ ^ ^ ^ ^ ^ ^ ^ ^ ^ . . . . . . . . . . . . . . . ^ ^ ^ ^ ^ ^ ^ ^ 
^ ^ ^ ^ ^ ^ ^ ^ ^ ^ ^ . . . . . . . . ^ ^ ^ ^ ^ ^ ^ ^ ^ ^ ^ ^ ^ ^ ^ ^ ^ ^ ^ ^ ^ ^ ^ ^ ^ . . . . . . . . . . ^ ^ ^ ^ ^ ^ ^ ^ ^ ^ 
^ ^ ^ ^ ^ ^ ^ ^ ^ ^ ^ ^ ^ ^ ^ ^ ^ ^ ^ ^ ^ ^ ^ ^ ^ ^ ^ ^ ^ ^ ^ ^ ^ ^ ^ ^ ^ ^ ^ ^ ^ ^ ^ ^ ^ ^ ^ ^ ^ ^ ^ ^ ^ ^ ^ ^ ^ ^ ^ ^ ^ ^ ^ ^ 
^ ^ ^ ^ ^ ^ ^ ^ ^ ^ ^ ^ ^ ^ ^ ^ ^ ^ ^ ^ ^ ^ ^ ^ ^ ^ ^ ^ ^ ^ ^ ^ ^ ^ ^ ^ ^ ^ ^ ^ ^ ^ ^ ^ ^ ^ ^ ^ ^ ^ ^ ^ ^ ^ ^ ^ ^ ^ ^ ^ ^ ^ ^ ^ 
^ ^ ^ ^ ^ ^ ^ ^ ^ ^ ^ ^ ^ ^ ^ ^ ^ ^ ^ ^ ^ ^ ^ ^ ^ ^ ^ ^ ^ ^ ^ ^ ^ ^ ^ ^ ^ ^ ^ ^ ^ ^ ^ ^ ^ ^ ^ ^ ^ ^ ^ ^ ^ ^ ^ ^ ^ ^ ^ ^ ^ ^ ^ ^ 
